// Jest Snapshot v1, https://goo.gl/fbAQLP

exports[`renders component 1`] = `
<DocumentFragment>
  <div
    class="App"
  >
    <div
      class="Login"
    >
      login
    </div>
  </div>
</DocumentFragment>
`;
